#-----------------------------------------------------------
# Vivado v2019.1 (64-bit)
# SW Build 2552052 on Fri May 24 14:47:09 MDT 2019
# IP Build 2548770 on Fri May 24 18:01:18 MDT 2019
# Start of session at: Sat Oct  5 19:40:55 2019
# Process ID: 10409
# Current directory: /home/pedro/Development/VCS-1
# Command line: vivado
# Log file: /home/pedro/Development/VCS-1/vivado.log
# Journal file: /home/pedro/Development/VCS-1/vivado.jou
#-----------------------------------------------------------
start_gui
open_project /home/pedro/Development/Xilinx/Builds/2019.1/ZU4EV/FM191_ZU4EV/FM191_ZU4EV.xpr
open_bd_design {/home/pedro/Development/Xilinx/Builds/2019.1/ZU4EV/FM191_ZU4EV/FM191_ZU4EV.srcs/sources_1/bd/design_1/design_1.bd}
update_compile_order -fileset sources_1
startgroup
set_property -dict [list CONFIG.PSU__SD1__SLOT_TYPE {SD 3.0}] [get_bd_cells zynq_ultra_ps_e_0]
endgroup
make_wrapper -files [get_files /home/pedro/Development/Xilinx/Builds/2019.1/ZU4EV/FM191_ZU4EV/FM191_ZU4EV.srcs/sources_1/bd/design_1/design_1.bd] -top
set_property AUTO_INCREMENTAL_CHECKPOINT 1 [get_runs impl_1]
reset_run synth_1
reset_run design_1_zynq_ultra_ps_e_0_0_synth_1
launch_runs impl_1 -to_step write_bitstream -jobs 3
wait_on_run impl_1
file copy -force /home/pedro/Development/Xilinx/Builds/2019.1/ZU4EV/FM191_ZU4EV/FM191_ZU4EV.runs/impl_1/design_1_wrapper.sysdef /home/pedro/Development/Xilinx/Builds/2019.1/ZU4EV/FM191_ZU4EV/FM191_ZU4EV.sdk/design_1_wrapper.hdf

launch_sdk -workspace /home/pedro/Development/Xilinx/Builds/2019.1/ZU4EV/FM191_ZU4EV/FM191_ZU4EV.sdk -hwspec /home/pedro/Development/Xilinx/Builds/2019.1/ZU4EV/FM191_ZU4EV/FM191_ZU4EV.sdk/design_1_wrapper.hdf
launch_sdk -workspace /home/pedro/Development/Xilinx/Builds/2019.1/ZU4EV/FM191_ZU4EV/FM191_ZU4EV.sdk -hwspec /home/pedro/Development/Xilinx/Builds/2019.1/ZU4EV/FM191_ZU4EV/FM191_ZU4EV.sdk/design_1_wrapper.hdf
